Archive member included to satisfy reference by file (symbol)

C:/Program Files/Arm/GNU Toolchain mingw-w64-x86_64-arm-none-eabi/bin/../lib/gcc/arm-none-eabi/15.2.1/../../../../arm-none-eabi/lib/thumb/v7e-m+dp/hard\libc_nano.a(libc_a-exit.o)
                              C:/Program Files/Arm/GNU Toolchain mingw-w64-x86_64-arm-none-eabi/bin/../lib/gcc/arm-none-eabi/15.2.1/../../../../arm-none-eabi/lib/thumb/v7e-m+dp/hard/crt0.o (exit)
C:/Program Files/Arm/GNU Toolchain mingw-w64-x86_64-arm-none-eabi/bin/../lib/gcc/arm-none-eabi/15.2.1/../../../../arm-none-eabi/lib/thumb/v7e-m+dp/hard\libc_nano.a(libc_a-findfp.o)
                              C:/Program Files/Arm/GNU Toolchain mingw-w64-x86_64-arm-none-eabi/bin/../lib/gcc/arm-none-eabi/15.2.1/../../../../arm-none-eabi/lib/thumb/v7e-m+dp/hard\libc_nano.a(libc_a-exit.o) (__stdio_exit_handler)
C:/Program Files/Arm/GNU Toolchain mingw-w64-x86_64-arm-none-eabi/bin/../lib/gcc/arm-none-eabi/15.2.1/../../../../arm-none-eabi/lib/thumb/v7e-m+dp/hard\libc_nano.a(libc_a-fwalk.o)
                              C:/Program Files/Arm/GNU Toolchain mingw-w64-x86_64-arm-none-eabi/bin/../lib/gcc/arm-none-eabi/15.2.1/../../../../arm-none-eabi/lib/thumb/v7e-m+dp/hard\libc_nano.a(libc_a-findfp.o) (_fwalk_sglue)
C:/Program Files/Arm/GNU Toolchain mingw-w64-x86_64-arm-none-eabi/bin/../lib/gcc/arm-none-eabi/15.2.1/../../../../arm-none-eabi/lib/thumb/v7e-m+dp/hard\libc_nano.a(libc_a-stdio.o)
                              C:/Program Files/Arm/GNU Toolchain mingw-w64-x86_64-arm-none-eabi/bin/../lib/gcc/arm-none-eabi/15.2.1/../../../../arm-none-eabi/lib/thumb/v7e-m+dp/hard\libc_nano.a(libc_a-findfp.o) (__sread)
C:/Program Files/Arm/GNU Toolchain mingw-w64-x86_64-arm-none-eabi/bin/../lib/gcc/arm-none-eabi/15.2.1/../../../../arm-none-eabi/lib/thumb/v7e-m+dp/hard\libc_nano.a(libc_a-memset.o)
                              C:/Program Files/Arm/GNU Toolchain mingw-w64-x86_64-arm-none-eabi/bin/../lib/gcc/arm-none-eabi/15.2.1/../../../../arm-none-eabi/lib/thumb/v7e-m+dp/hard/crt0.o (memset)
C:/Program Files/Arm/GNU Toolchain mingw-w64-x86_64-arm-none-eabi/bin/../lib/gcc/arm-none-eabi/15.2.1/../../../../arm-none-eabi/lib/thumb/v7e-m+dp/hard\libc_nano.a(libc_a-closer.o)
                              C:/Program Files/Arm/GNU Toolchain mingw-w64-x86_64-arm-none-eabi/bin/../lib/gcc/arm-none-eabi/15.2.1/../../../../arm-none-eabi/lib/thumb/v7e-m+dp/hard\libc_nano.a(libc_a-stdio.o) (_close_r)
C:/Program Files/Arm/GNU Toolchain mingw-w64-x86_64-arm-none-eabi/bin/../lib/gcc/arm-none-eabi/15.2.1/../../../../arm-none-eabi/lib/thumb/v7e-m+dp/hard\libc_nano.a(libc_a-reent.o)
                              C:/Program Files/Arm/GNU Toolchain mingw-w64-x86_64-arm-none-eabi/bin/../lib/gcc/arm-none-eabi/15.2.1/../../../../arm-none-eabi/lib/thumb/v7e-m+dp/hard\libc_nano.a(libc_a-closer.o) (errno)
C:/Program Files/Arm/GNU Toolchain mingw-w64-x86_64-arm-none-eabi/bin/../lib/gcc/arm-none-eabi/15.2.1/../../../../arm-none-eabi/lib/thumb/v7e-m+dp/hard\libc_nano.a(libc_a-impure.o)
                              C:/Program Files/Arm/GNU Toolchain mingw-w64-x86_64-arm-none-eabi/bin/../lib/gcc/arm-none-eabi/15.2.1/../../../../arm-none-eabi/lib/thumb/v7e-m+dp/hard\libc_nano.a(libc_a-reent.o) (_impure_ptr)
C:/Program Files/Arm/GNU Toolchain mingw-w64-x86_64-arm-none-eabi/bin/../lib/gcc/arm-none-eabi/15.2.1/../../../../arm-none-eabi/lib/thumb/v7e-m+dp/hard\libc_nano.a(libc_a-lseekr.o)
                              C:/Program Files/Arm/GNU Toolchain mingw-w64-x86_64-arm-none-eabi/bin/../lib/gcc/arm-none-eabi/15.2.1/../../../../arm-none-eabi/lib/thumb/v7e-m+dp/hard\libc_nano.a(libc_a-stdio.o) (_lseek_r)
C:/Program Files/Arm/GNU Toolchain mingw-w64-x86_64-arm-none-eabi/bin/../lib/gcc/arm-none-eabi/15.2.1/../../../../arm-none-eabi/lib/thumb/v7e-m+dp/hard\libc_nano.a(libc_a-readr.o)
                              C:/Program Files/Arm/GNU Toolchain mingw-w64-x86_64-arm-none-eabi/bin/../lib/gcc/arm-none-eabi/15.2.1/../../../../arm-none-eabi/lib/thumb/v7e-m+dp/hard\libc_nano.a(libc_a-stdio.o) (_read_r)
C:/Program Files/Arm/GNU Toolchain mingw-w64-x86_64-arm-none-eabi/bin/../lib/gcc/arm-none-eabi/15.2.1/../../../../arm-none-eabi/lib/thumb/v7e-m+dp/hard\libc_nano.a(libc_a-writer.o)
                              C:/Program Files/Arm/GNU Toolchain mingw-w64-x86_64-arm-none-eabi/bin/../lib/gcc/arm-none-eabi/15.2.1/../../../../arm-none-eabi/lib/thumb/v7e-m+dp/hard\libc_nano.a(libc_a-stdio.o) (_write_r)
C:/Program Files/Arm/GNU Toolchain mingw-w64-x86_64-arm-none-eabi/bin/../lib/gcc/arm-none-eabi/15.2.1/../../../../arm-none-eabi/lib/thumb/v7e-m+dp/hard\libc_nano.a(libc_a-errno.o)
                              ./Core/Src/syscalls.o (__errno)
C:/Program Files/Arm/GNU Toolchain mingw-w64-x86_64-arm-none-eabi/bin/../lib/gcc/arm-none-eabi/15.2.1/../../../../arm-none-eabi/lib/thumb/v7e-m+dp/hard\libc_nano.a(libc_a-init.o)
[...]
Memory Configuration

Name             Origin             Length             Attributes
FLASH            0x08000000         0x00020000         xr
DTCMRAM          0x20000000         0x00020000         xrw
RAM_D1           0x24000000         0x00080000         xrw
RAM_D2           0x30000000         0x00048000         xrw
RAM_D3           0x38000000         0x00010000         xrw
ITCMRAM          0x00000000         0x00010000         xrw
*default*        0x00000000         0xffffffff

Linker script and memory map

LOAD C:/Program Files/Arm/GNU Toolchain mingw-w64-x86_64-arm-none-eabi/bin/../lib/gcc/arm-none-eabi/15.2.1/thumb/v7e-m+dp/hard/crti.o
LOAD C:/Program Files/Arm/GNU Toolchain mingw-w64-x86_64-arm-none-eabi/bin/../lib/gcc/arm-none-eabi/15.2.1/thumb/v7e-m+dp/hard/crtbegin.o
LOAD C:/Program Files/Arm/GNU Toolchain mingw-w64-x86_64-arm-none-eabi/bin/../lib/gcc/arm-none-eabi/15.2.1/../../../../arm-none-eabi/lib/thumb/v7e-m+dp/hard/crt0.o
LOAD ./Core/Src/ETMv4.o
LOAD ./Core/Src/main.o
LOAD ./Core/Src/stm32h7xx_hal_msp.o
LOAD ./Core/Src/stm32h7xx_it.o
LOAD ./Core/Src/syscalls.o
LOAD ./Core/Src/sysmem.o
LOAD ./Core/Src/system_stm32h7xx.o
LOAD ./Core/Startup/startup_stm32h750vbtx.o
LOAD ./Drivers/STM32H7xx_HAL_Driver/stm32h7xx_hal.o
LOAD ./Drivers/STM32H7xx_HAL_Driver/stm32h7xx_hal_cortex.o
LOAD ./Drivers/STM32H7xx_HAL_Driver/stm32h7xx_hal_dma.o
LOAD ./Drivers/STM32H7xx_HAL_Driver/stm32h7xx_hal_dma_ex.o
LOAD ./Drivers/STM32H7xx_HAL_Driver/stm32h7xx_hal_exti.o
LOAD ./Drivers/STM32H7xx_HAL_Driver/stm32h7xx_hal_flash.o
LOAD ./Drivers/STM32H7xx_HAL_Driver/stm32h7xx_hal_flash_ex.o
LOAD ./Drivers/STM32H7xx_HAL_Driver/stm32h7xx_hal_gpio.o
LOAD ./Drivers/STM32H7xx_HAL_Driver/stm32h7xx_hal_hsem.o
LOAD ./Drivers/STM32H7xx_HAL_Driver/stm32h7xx_hal_i2c.o
LOAD ./Drivers/STM32H7xx_HAL_Driver/stm32h7xx_hal_i2c_ex.o
LOAD ./Drivers/STM32H7xx_HAL_Driver/stm32h7xx_hal_mdma.o
LOAD ./Drivers/STM32H7xx_HAL_Driver/stm32h7xx_hal_pwr.o
LOAD ./Drivers/STM32H7xx_HAL_Driver/stm32h7xx_hal_pwr_ex.o
LOAD ./Drivers/STM32H7xx_HAL_Driver/stm32h7xx_hal_rcc.o
LOAD ./Drivers/STM32H7xx_HAL_Driver/stm32h7xx_hal_rcc_ex.o
LOAD ./Drivers/STM32H7xx_HAL_Driver/stm32h7xx_hal_spi.o
LOAD ./Drivers/STM32H7xx_HAL_Driver/stm32h7xx_hal_spi_ex.o
LOAD ./Drivers/STM32H7xx_HAL_Driver/stm32h7xx_hal_tim.o
LOAD ./Drivers/STM32H7xx_HAL_Driver/stm32h7xx_hal_tim_ex.o
START GROUP
LOAD C:/Program Files/Arm/GNU Toolchain mingw-w64-x86_64-arm-none-eabi/bin/../lib/gcc/arm-none-eabi/15.2.1/../../../../arm-none-eabi/lib/thumb/v7e-m+dp/hard\libc_nano.a
LOAD C:/Program Files/Arm/GNU Toolchain mingw-w64-x86_64-arm-none-eabi/bin/../lib/gcc/arm-none-eabi/15.2.1/../../../../arm-none-eabi/lib/thumb/v7e-m+dp/hard\libm.a
END GROUP
START GROUP
LOAD C:/Program Files/Arm/GNU Toolchain mingw-w64-x86_64-arm-none-eabi/bin/../lib/gcc/arm-none-eabi/15.2.1/thumb/v7e-m+dp/hard\libgcc.a
LOAD C:/Program Files/Arm/GNU Toolchain mingw-w64-x86_64-arm-none-eabi/bin/../lib/gcc/arm-none-eabi/15.2.1/../../../../arm-none-eabi/lib/thumb/v7e-m+dp/hard\libc_nano.a
END GROUP
START GROUP
LOAD C:/Program Files/Arm/GNU Toolchain mingw-w64-x86_64-arm-none-eabi/bin/../lib/gcc/arm-none-eabi/15.2.1/thumb/v7e-m+dp/hard\libgcc.a
LOAD C:/Program Files/Arm/GNU Toolchain mingw-w64-x86_64-arm-none-eabi/bin/../lib/gcc/arm-none-eabi/15.2.1/../../../../arm-none-eabi/lib/thumb/v7e-m+dp/hard\libc_nano.a
LOAD C:/Program Files/Arm/GNU Toolchain mingw-w64-x86_64-arm-none-eabi/bin/../lib/gcc/arm-none-eabi/15.2.1/../../../../arm-none-eabi/lib/thumb/v7e-m+dp/hard\libnosys.a
END GROUP
START GROUP
LOAD C:/Program Files/Arm/GNU Toolchain mingw-w64-x86_64-arm-none-eabi/bin/../lib/gcc/arm-none-eabi/15.2.1/thumb/v7e-m+dp/hard\libgcc.a
LOAD C:/Program Files/Arm/GNU Toolchain mingw-w64-x86_64-arm-none-eabi/bin/../lib/gcc/arm-none-eabi/15.2.1/../../../../arm-none-eabi/lib/thumb/v7e-m+dp/hard\libc_nano.a
LOAD C:/Program Files/Arm/GNU Toolchain mingw-w64-x86_64-arm-none-eabi/bin/../lib/gcc/arm-none-eabi/15.2.1/../../../../arm-none-eabi/lib/thumb/v7e-m+dp/hard\libnosys.a
END GROUP
LOAD C:/Program Files/Arm/GNU Toolchain mingw-w64-x86_64-arm-none-eabi/bin/../lib/gcc/arm-none-eabi/15.2.1/thumb/v7e-m+dp/hard/crtend.o
LOAD C:/Program Files/Arm/GNU Toolchain mingw-w64-x86_64-arm-none-eabi/bin/../lib/gcc/arm-none-eabi/15.2.1/thumb/v7e-m+dp/hard/crtn.o
                0x24080000                        _estack = (ORIGIN (RAM_D1) + LENGTH (RAM_D1))
                0x00000200                        _Min_Heap_Size = 0x200
                0x00000400                        _Min_Stack_Size = 0x400

.isr_vector     0x08000000      0x298
                0x08000000                        . = ALIGN (0x4)
 *(.isr_vector)
 .isr_vector    0x08000000      0x298 ./Core/Startup/startup_stm32h750vbtx.o
                0x08000000                g_pfnVectors
                0x08000298                        . = ALIGN (0x4)

.text           0x08000298     0x3aac
                0x08000298                        . = ALIGN (0x4)
 *(.text)
 *(.text*)
 .text.deregister_tm_clones
                0x08000298       0x1c C:/Program Files/Arm/GNU Toolchain mingw-w64-x86_64-arm-none-eabi/bin/../lib/gcc/arm-none-eabi/15.2.1/thumb/v7e-m+dp/hard/crtbegin.o
 .text.register_tm_clones
                0x080002b4       0x24 C:/Program Files/Arm/GNU Toolchain mingw-w64-x86_64-arm-none-eabi/bin/../lib/gcc/arm-none-eabi/15.2.1/thumb/v7e-m+dp/hard/crtbegin.o
 .text.__do_global_dtors_aux
                0x080002d8       0x28 C:/Program Files/Arm/GNU Toolchain mingw-w64-x86_64-arm-none-eabi/bin/../lib/gcc/arm-none-eabi/15.2.1/thumb/v7e-m+dp/hard/crtbegin.o
 .text.frame_dummy
                0x08000300       0x24 C:/Program Files/Arm/GNU Toolchain mingw-w64-x86_64-arm-none-eabi/bin/../lib/gcc/arm-none-eabi/15.2.1/thumb/v7e-m+dp/hard/crtbegin.o
 .text.Parallel_Trace_configure
                0x08000324       0x30 ./Core/Src/ETMv4.o
                0x08000324                Parallel_Trace_configure
 .text.TSG_Configure
                0x08000354       0x24 ./Core/Src/ETMv4.o
                0x08000354                TSG_Configure
 .text.TPIU_Configure
                0x08000378       0x4c ./Core/Src/ETMv4.o
                0x08000378                TPIU_Configure
 .text.ETF_Configure
                0x080003c4       0x70 ./Core/Src/ETMv4.o
                0x080003c4                ETF_Configure
 .text.ETM_Configure
                0x08000434       0x58 ./Core/Src/ETMv4.o
                0x08000434                ETM_Configure
 .text.CSTF_Configure
                0x0800048c       0x24 ./Core/Src/ETMv4.o
                0x0800048c                CSTF_Configure
 .text.TraceGPIO_Configure
                0x080004b0       0x80 ./Core/Src/ETMv4.o
                0x080004b0                TraceGPIO_Configure
 .text.DWT_Configure
                0x08000530       0x64 ./Core/Src/ETMv4.o
                0x08000530                DWT_Configure
 .text.Enable_ETM
                0x08000594       0x2c ./Core/Src/ETMv4.o
                0x08000594                Enable_ETM
 .text.Disable_ETM
                0x080005c0       0x64 ./Core/Src/ETMv4.o
                0x080005c0                Disable_ETM
 .text.Trace_DumpStatus
                0x08000624      0x1a8 ./Core/Src/ETMv4.o
                0x08000624                Trace_DumpStatus
 .text.StartPoint
                0x080007cc        0xe ./Core/Src/ETMv4.o
                0x080007cc                StartPoint
 .text.StopPoint
                0x080007da        0xe ./Core/Src/ETMv4.o
                0x080007da                StopPoint
 .text.SetupStartStopAddr
                0x080007e8       0x30 ./Core/Src/ETMv4.o
                0x080007e8                SetupStartStopAddr
 .text.main     0x08000818       0x74 ./Core/Src/main.o
                0x08000818                main
 .text.SystemClock_Config
                0x0800088c       0xf8 ./Core/Src/main.o
                0x0800088c                SystemClock_Config
 .text.PeriphCommonClock_Config
                0x08000984       0x3c ./Core/Src/main.o
                0x08000984                PeriphCommonClock_Config
 .text.MX_SPI1_Init
                0x080009c0       0xac ./Core/Src/main.o
 .text.MX_GPIO_Init
                0x08000a6c       0x88 ./Core/Src/main.o
 .text.Error_Handler
                0x08000af4        0xc ./Core/Src/main.o
                0x08000af4                Error_Handler
 .text.HAL_MspInit
                0x08000b00       0x34 ./Core/Src/stm32h7xx_hal_msp.o
                0x08000b00                HAL_MspInit
 .text.HAL_SPI_MspInit
                0x08000b34       0xd0 ./Core/Src/stm32h7xx_hal_msp.o
                0x08000b34                HAL_SPI_MspInit
 .text.NMI_Handler
                0x08000c04        0x8 ./Core/Src/stm32h7xx_it.o
                0x08000c04                NMI_Handler
 .text.HardFault_Handler
                0x08000c0c        0x8 ./Core/Src/stm32h7xx_it.o
                0x08000c0c                HardFault_Handler
 .text.MemManage_Handler
                0x08000c14        0x8 ./Core/Src/stm32h7xx_it.o
                0x08000c14                MemManage_Handler
 .text.BusFault_Handler
                0x08000c1c        0x8 ./Core/Src/stm32h7xx_it.o
                0x08000c1c                BusFault_Handler
 .text.UsageFault_Handler
                0x08000c24        0x8 ./Core/Src/stm32h7xx_it.o
                0x08000c24                UsageFault_Handler
 .text.SVC_Handler
                0x08000c2c        0xc ./Core/Src/stm32h7xx_it.o
                0x08000c2c                SVC_Handler
 .text.DebugMon_Handler
                0x08000c38        0xc ./Core/Src/stm32h7xx_it.o
                0x08000c38                DebugMon_Handler
 .text.PendSV_Handler
                0x08000c44        0xc ./Core/Src/stm32h7xx_it.o
                0x08000c44                PendSV_Handler
 .text.SysTick_Handler
                0x08000c50        0xc ./Core/Src/stm32h7xx_it.o
                0x08000c50                SysTick_Handler
 .text.SystemInit
                0x08000c5c      0x110 ./Core/Src/system_stm32h7xx.o
                0x08000c5c                SystemInit
 .text.Reset_Handler
                0x08000d6c       0x50 ./Core/Startup/startup_stm32h750vbtx.o
                0x08000d6c                Reset_Handler
 .text.Default_Handler
                0x08000dbc        0x2 ./Core/Startup/startup_stm32h750vbtx.o
                0x08000dbc                RTC_Alarm_IRQHandler
                0x08000dbc                HASH_RNG_IRQHandler
                0x08000dbc                EXTI2_IRQHandler
                0x08000dbc                TIM8_CC_IRQHandler
                0x08000dbc                HRTIM1_Master_IRQHandler
                0x08000dbc                UART8_IRQHandler
                0x08000dbc                SPI4_IRQHandler
                0x08000dbc                TIM1_CC_IRQHandler
                0x08000dbc                BDMA_Channel6_IRQHandler
                0x08000dbc                DMA2_Stream5_IRQHandler
                0x08000dbc                HRTIM1_FLT_IRQHandler
                0x08000dbc                JPEG_IRQHandler
                0x08000dbc                DMA1_Stream5_IRQHandler
                0x08000dbc                BDMA_Channel1_IRQHandler
                0x08000dbc                HRTIM1_TIMD_IRQHandler
                0x08000dbc                TAMP_STAMP_IRQHandler
                0x08000dbc                EXTI3_IRQHandler
                0x08000dbc                LPTIM4_IRQHandler
                0x08000dbc                TIM8_TRG_COM_TIM14_IRQHandler
                0x08000dbc                LPTIM2_IRQHandler
                0x08000dbc                DFSDM1_FLT1_IRQHandler
                0x08000dbc                DMAMUX2_OVR_IRQHandler
                0x08000dbc                TIM8_UP_TIM13_IRQHandler
                0x08000dbc                I2C3_ER_IRQHandler
                0x08000dbc                DFSDM1_FLT2_IRQHandler
                0x08000dbc                MDMA_IRQHandler
                0x08000dbc                LPTIM3_IRQHandler
                0x08000dbc                HSEM1_IRQHandler
                0x08000dbc                EXTI0_IRQHandler
                0x08000dbc                I2C2_EV_IRQHandler
                0x08000dbc                DMA1_Stream2_IRQHandler
                0x08000dbc                FPU_IRQHandler
                0x08000dbc                OTG_HS_WKUP_IRQHandler
                0x08000dbc                FDCAN1_IT1_IRQHandler
                0x08000dbc                LTDC_ER_IRQHandler
                0x08000dbc                DMA2_Stream2_IRQHandler
                0x08000dbc                HRTIM1_TIME_IRQHandler
                0x08000dbc                SPI1_IRQHandler
                0x08000dbc                TIM6_DAC_IRQHandler
                0x08000dbc                DCMI_IRQHandler
                0x08000dbc                HRTIM1_TIMC_IRQHandler
                0x08000dbc                DMA2_Stream3_IRQHandler
                0x08000dbc                SAI2_IRQHandler
                0x08000dbc                DFSDM1_FLT3_IRQHandler
                0x08000dbc                USART6_IRQHandler
                0x08000dbc                TIM17_IRQHandler
                0x08000dbc                USART3_IRQHandler
                0x08000dbc                BDMA_Channel7_IRQHandler
                0x08000dbc                CRYP_IRQHandler
                0x08000dbc                LPTIM5_IRQHandler
                0x08000dbc                UART5_IRQHandler
                0x08000dbc                ADC3_IRQHandler
                0x08000dbc                DMA2_Stream0_IRQHandler
                0x08000dbc                TIM4_IRQHandler
                0x08000dbc                BDMA_Channel2_IRQHandler
                0x08000dbc                QUADSPI_IRQHandler
                0x08000dbc                I2C1_EV_IRQHandler
                0x08000dbc                DMA1_Stream6_IRQHandler
                0x08000dbc                DMAMUX1_OVR_IRQHandler
                0x08000dbc                DMA1_Stream1_IRQHandler
                0x08000dbc                TIM16_IRQHandler
                0x08000dbc                UART4_IRQHandler
                0x08000dbc                BDMA_Channel5_IRQHandler
                0x08000dbc                TIM3_IRQHandler
                0x08000dbc                RCC_IRQHandler
                0x08000dbc                TIM8_BRK_TIM12_IRQHandler
                0x08000dbc                TIM1_TRG_COM_IRQHandler
                0x08000dbc                Default_Handler
                0x08000dbc                ECC_IRQHandler
                0x08000dbc                CEC_IRQHandler
                0x08000dbc                EXTI15_10_IRQHandler
                0x08000dbc                BDMA_Channel0_IRQHandler
                0x08000dbc                ADC_IRQHandler
                0x08000dbc                DMA1_Stream7_IRQHandler
                0x08000dbc                HRTIM1_TIMA_IRQHandler
                0x08000dbc                SPI5_IRQHandler
                0x08000dbc                TIM7_IRQHandler
                0x08000dbc                SDMMC1_IRQHandler
                0x08000dbc                TIM5_IRQHandler
                0x08000dbc                DMA2_Stream7_IRQHandler
                0x08000dbc                TIM15_IRQHandler
                0x08000dbc                PVD_AVD_IRQHandler
                0x08000dbc                I2C3_EV_IRQHandler
                0x08000dbc                EXTI9_5_IRQHandler
                0x08000dbc                RTC_WKUP_IRQHandler
                0x08000dbc                LTDC_IRQHandler
                0x08000dbc                SAI3_IRQHandler
                0x08000dbc                ETH_WKUP_IRQHandler
                0x08000dbc                SPDIF_RX_IRQHandler
                0x08000dbc                SPI2_IRQHandler
                0x08000dbc                OTG_HS_EP1_IN_IRQHandler
                0x08000dbc                DMA1_Stream0_IRQHandler
                0x08000dbc                CRS_IRQHandler
                0x08000dbc                EXTI4_IRQHandler
                0x08000dbc                HRTIM1_TIMB_IRQHandler
                0x08000dbc                FDCAN2_IT1_IRQHandler
                0x08000dbc                ETH_IRQHandler
                0x08000dbc                TIM1_UP_IRQHandler
                0x08000dbc                BDMA_Channel4_IRQHandler
                0x08000dbc                OTG_HS_EP1_OUT_IRQHandler
                0x08000dbc                WWDG_IRQHandler
                0x08000dbc                SPI6_IRQHandler
                0x08000dbc                MDIOS_IRQHandler
                0x08000dbc                I2C4_EV_IRQHandler
                0x08000dbc                FDCAN2_IT0_IRQHandler
                0x08000dbc                LPUART1_IRQHandler
                0x08000dbc                FDCAN1_IT0_IRQHandler
                0x08000dbc                TIM2_IRQHandler
                0x08000dbc                OTG_FS_WKUP_IRQHandler
                0x08000dbc                OTG_HS_IRQHandler
                0x08000dbc                DMA2D_IRQHandler
                0x08000dbc                TIM1_BRK_IRQHandler
                0x08000dbc                EXTI1_IRQHandler
                0x08000dbc                SDMMC2_IRQHandler
                0x08000dbc                OTG_FS_EP1_OUT_IRQHandler
                0x08000dbc                BDMA_Channel3_IRQHandler
                0x08000dbc                UART7_IRQHandler
                0x08000dbc                MDIOS_WKUP_IRQHandler
                0x08000dbc                USART2_IRQHandler
                0x08000dbc                DFSDM1_FLT0_IRQHandler
                0x08000dbc                SAI4_IRQHandler
                0x08000dbc                I2C2_ER_IRQHandler
                0x08000dbc                DMA2_Stream1_IRQHandler
                0x08000dbc                FLASH_IRQHandler
                0x08000dbc                DMA2_Stream4_IRQHandler
                0x08000dbc                USART1_IRQHandler
                0x08000dbc                OTG_FS_IRQHandler
                0x08000dbc                SPI3_IRQHandler
                0x08000dbc                WAKEUP_PIN_IRQHandler
                0x08000dbc                DMA1_Stream4_IRQHandler
                0x08000dbc                OTG_FS_EP1_IN_IRQHandler
                0x08000dbc                I2C1_ER_IRQHandler
                0x08000dbc                FMC_IRQHandler
                0x08000dbc                FDCAN_CAL_IRQHandler
                0x08000dbc                SWPMI1_IRQHandler
                0x08000dbc                COMP1_IRQHandler
                0x08000dbc                LPTIM1_IRQHandler
                0x08000dbc                I2C4_ER_IRQHandler
                0x08000dbc                DMA2_Stream6_IRQHandler
                0x08000dbc                SAI1_IRQHandler
                0x08000dbc                DMA1_Stream3_IRQHandler
 *fill*         0x08000dbe        0x2 
 .text.HAL_Init
                0x08000dc0       0x78 ./Drivers/STM32H7xx_HAL_Driver/stm32h7xx_hal.o
                0x08000dc0                HAL_Init
 .text.HAL_InitTick
                0x08000e38       0x6c ./Drivers/STM32H7xx_HAL_Driver/stm32h7xx_hal.o
                0x08000e38                HAL_InitTick
 .text.HAL_IncTick
                0x08000ea4       0x24 ./Drivers/STM32H7xx_HAL_Driver/stm32h7xx_hal.o
                0x08000ea4                HAL_IncTick
 .text.HAL_GetTick
                0x08000ec8       0x14 ./Drivers/STM32H7xx_HAL_Driver/stm32h7xx_hal.o
                0x08000ec8                HAL_GetTick
 .text.HAL_Delay
                0x08000edc       0x48 ./Drivers/STM32H7xx_HAL_Driver/stm32h7xx_hal.o
                0x08000edc                HAL_Delay
 .text.HAL_GetREVID
                0x08000f24       0x18 ./Drivers/STM32H7xx_HAL_Driver/stm32h7xx_hal.o
                0x08000f24                HAL_GetREVID
 .text.__NVIC_SetPriorityGrouping
                0x08000f3c       0x48 ./Drivers/STM32H7xx_HAL_Driver/stm32h7xx_hal_cortex.o
 .text.__NVIC_GetPriorityGrouping
                0x08000f84       0x1c ./Drivers/STM32H7xx_HAL_Driver/stm32h7xx_hal_cortex.o
 .text.__NVIC_SetPriority
                0x08000fa0       0x54 ./Drivers/STM32H7xx_HAL_Driver/stm32h7xx_hal_cortex.o
 .text.NVIC_EncodePriority
                0x08000ff4       0x6e ./Drivers/STM32H7xx_HAL_Driver/stm32h7xx_hal_cortex.o
 *fill*         0x08001062        0x2 
 .text.SysTick_Config
                0x08001064       0x44 ./Drivers/STM32H7xx_HAL_Driver/stm32h7xx_hal_cortex.o
 .text.HAL_NVIC_SetPriorityGrouping
                0x080010a8       0x16 ./Drivers/STM32H7xx_HAL_Driver/stm32h7xx_hal_cortex.o
                0x080010a8                HAL_NVIC_SetPriorityGrouping
 .text.HAL_NVIC_SetPriority
                0x080010be       0x34 ./Drivers/STM32H7xx_HAL_Driver/stm32h7xx_hal_cortex.o
                0x080010be                HAL_NVIC_SetPriority
 .text.HAL_SYSTICK_Config
                0x080010f2       0x18 ./Drivers/STM32H7xx_HAL_Driver/stm32h7xx_hal_cortex.o
                0x080010f2                HAL_SYSTICK_Config
 *fill*         0x0800110a        0x2 
 .text.HAL_GPIO_Init
                0x0800110c      0x360 ./Drivers/STM32H7xx_HAL_Driver/stm32h7xx_hal_gpio.o
                0x0800110c                HAL_GPIO_Init
 .text.HAL_GPIO_WritePin
                0x0800146c       0x30 ./Drivers/STM32H7xx_HAL_Driver/stm32h7xx_hal_gpio.o
                0x0800146c                HAL_GPIO_WritePin
 .text.HAL_PWREx_ConfigSupply
                0x0800149c       0x74 ./Drivers/STM32H7xx_HAL_Driver/stm32h7xx_hal_pwr_ex.o
                0x0800149c                HAL_PWREx_ConfigSupply
 .text.HAL_RCC_OscConfig
                0x08001510      0x8b4 ./Drivers/STM32H7xx_HAL_Driver/stm32h7xx_hal_rcc.o
                0x08001510                HAL_RCC_OscConfig
 .text.HAL_RCC_ClockConfig
                0x08001dc4      0x36c ./Drivers/STM32H7xx_HAL_Driver/stm32h7xx_hal_rcc.o
                0x08001dc4                HAL_RCC_ClockConfig
 .text.HAL_RCC_GetSysClockFreq
                0x08002130      0x29c ./Drivers/STM32H7xx_HAL_Driver/stm32h7xx_hal_rcc.o
                0x08002130                HAL_RCC_GetSysClockFreq
 .text.HAL_RCCEx_PeriphCLKConfig
                0x080023cc     0x13c4 ./Drivers/STM32H7xx_HAL_Driver/stm32h7xx_hal_rcc_ex.o
                0x080023cc                HAL_RCCEx_PeriphCLKConfig
 .text.RCCEx_PLL2_Config
                0x08003790      0x164 ./Drivers/STM32H7xx_HAL_Driver/stm32h7xx_hal_rcc_ex.o
 .text.RCCEx_PLL3_Config
                0x080038f4      0x164 ./Drivers/STM32H7xx_HAL_Driver/stm32h7xx_hal_rcc_ex.o
 .text.HAL_SPI_Init
                0x08003a58      0x248 ./Drivers/STM32H7xx_HAL_Driver/stm32h7xx_hal_spi.o
                0x08003a58                HAL_SPI_Init
 .text.SPI_GetPacketSize
                0x08003ca0       0x34 ./Drivers/STM32H7xx_HAL_Driver/stm32h7xx_hal_spi.o
 .text.memset   0x08003cd4       0x10 C:/Program Files/Arm/GNU Toolchain mingw-w64-x86_64-arm-none-eabi/bin/../lib/gcc/arm-none-eabi/15.2.1/../../../../arm-none-eabi/lib/thumb/v7e-m+dp/hard\libc_nano.a(libc_a-memset.o)
                0x08003cd4                memset
 .text.__libc_init_array
                0x08003ce4       0x48 C:/Program Files/Arm/GNU Toolchain mingw-w64-x86_64-arm-none-eabi/bin/../lib/gcc/arm-none-eabi/15.2.1/../../../../arm-none-eabi/lib/thumb/v7e-m+dp/hard\libc_nano.a(libc_a-init.o)
                0x08003ce4                __libc_init_array
 *(.glue_7)
 .glue_7        0x08003d2c        0x0 linker stubs
 *(.glue_7t)
 .glue_7t       0x08003d2c        0x0 linker stubs
 *(.eh_frame)
 .eh_frame      0x08003d2c        0x0 C:/Program Files/Arm/GNU Toolchain mingw-w64-x86_64-arm-none-eabi/bin/../lib/gcc/arm-none-eabi/15.2.1/thumb/v7e-m+dp/hard/crtbegin.o
 *(.init)
 .init          0x08003d2c        0x4 C:/Program Files/Arm/GNU Toolchain mingw-w64-x86_64-arm-none-eabi/bin/../lib/gcc/arm-none-eabi/15.2.1/thumb/v7e-m+dp/hard/crti.o
                0x08003d2c                _init
 .init          0x08003d30        0x8 C:/Program Files/Arm/GNU Toolchain mingw-w64-x86_64-arm-none-eabi/bin/../lib/gcc/arm-none-eabi/15.2.1/thumb/v7e-m+dp/hard/crtn.o
 *(.fini)
 .fini          0x08003d38        0x4 C:/Program Files/Arm/GNU Toolchain mingw-w64-x86_64-arm-none-eabi/bin/../lib/gcc/arm-none-eabi/15.2.1/thumb/v7e-m+dp/hard/crti.o
                0x08003d38                _fini
 .fini          0x08003d3c        0x8 C:/Program Files/Arm/GNU Toolchain mingw-w64-x86_64-arm-none-eabi/bin/../lib/gcc/arm-none-eabi/15.2.1/thumb/v7e-m+dp/hard/crtn.o
                0x08003d44                        . = ALIGN (0x4)
                0x08003d44                        _etext = .

.vfp11_veneer   0x08003d44        0x0
 .vfp11_veneer  0x08003d44        0x0 linker stubs

.v4_bx          0x08003d44        0x0
 .v4_bx         0x08003d44        0x0 linker stubs

.iplt           0x08003d44        0x0
 .iplt          0x08003d44        0x0 C:/Program Files/Arm/GNU Toolchain mingw-w64-x86_64-arm-none-eabi/bin/../lib/gcc/arm-none-eabi/15.2.1/thumb/v7e-m+dp/hard/crtbegin.o

.rodata         0x08003d44       0x1c
                0x08003d44                        . = ALIGN (0x4)
 *(.rodata)
 .rodata        0x08003d44        0x9 ./Core/Src/main.o
 *(.rodata*)
 *fill*         0x08003d4d        0x3 
 .rodata.D1CorePrescTable
                0x08003d50       0x10 ./Core/Src/system_stm32h7xx.o
                0x08003d50                D1CorePrescTable
                0x08003d60                        . = ALIGN (0x4)

.ARM.extab
 *(.ARM.extab* .gnu.linkonce.armextab.*)

.ARM            0x08003d60        0x0
                0x08003d60                        __exidx_start = .
 *(.ARM.exidx*)
                0x08003d60                        __exidx_end = .

.preinit_array  0x08003d60        0x0
                0x08003d60                        PROVIDE (__preinit_array_start = .)
 *(.preinit_array*)
                0x08003d60                        PROVIDE (__preinit_array_end = .)

.init_array     0x08003d60        0x4
                0x08003d60                        PROVIDE (__init_array_start = .)
 *(SORT_BY_NAME(.init_array.*))
 *(.init_array*)
 .init_array    0x08003d60        0x4 C:/Program Files/Arm/GNU Toolchain mingw-w64-x86_64-arm-none-eabi/bin/../lib/gcc/arm-none-eabi/15.2.1/thumb/v7e-m+dp/hard/crtbegin.o
                0x08003d64                        PROVIDE (__init_array_end = .)

.fini_array     0x08003d64        0x4
                [!provide]                        PROVIDE (__fini_array_start = .)
 *(SORT_BY_NAME(.fini_array.*))
 *(.fini_array*)
 .fini_array    0x08003d64        0x4 C:/Program Files/Arm/GNU Toolchain mingw-w64-x86_64-arm-none-eabi/bin/../lib/gcc/arm-none-eabi/15.2.1/thumb/v7e-m+dp/hard/crtbegin.o
                [!provide]                        PROVIDE (__fini_array_end = .)
                0x08003d68                        _sidata = LOADADDR (.data)

.rel.dyn        0x08003d68        0x0
 .rel.iplt      0x08003d68        0x0 C:/Program Files/Arm/GNU Toolchain mingw-w64-x86_64-arm-none-eabi/bin/../lib/gcc/arm-none-eabi/15.2.1/thumb/v7e-m+dp/hard/crtbegin.o

.data           0x24000000       0x10 load address 0x08003d68
                0x24000000                        . = ALIGN (0x4)
                0x24000000                        _sdata = .
 *(.data)
 *(.data*)
 .data.SystemCoreClock
                0x24000000        0x4 ./Core/Src/system_stm32h7xx.o
                0x24000000                SystemCoreClock
 .data.SystemD2Clock
                0x24000004        0x4 ./Core/Src/system_stm32h7xx.o
                0x24000004                SystemD2Clock
 .data.uwTickPrio
                0x24000008        0x4 ./Drivers/STM32H7xx_HAL_Driver/stm32h7xx_hal.o
                0x24000008                uwTickPrio
 .data.uwTickFreq
                0x2400000c        0x1 ./Drivers/STM32H7xx_HAL_Driver/stm32h7xx_hal.o
                0x2400000c                uwTickFreq
 *(.RamFunc)
 *(.RamFunc*)
                0x24000010                        . = ALIGN (0x4)
 *fill*         0x2400000d        0x3 
                0x24000010                        _edata = .

.tm_clone_table
                0x24000010        0x0 load address 0x08003d78
 .tm_clone_table
                0x24000010        0x0 C:/Program Files/Arm/GNU Toolchain mingw-w64-x86_64-arm-none-eabi/bin/../lib/gcc/arm-none-eabi/15.2.1/thumb/v7e-m+dp/hard/crtbegin.o
 .tm_clone_table
                0x24000010        0x0 C:/Program Files/Arm/GNU Toolchain mingw-w64-x86_64-arm-none-eabi/bin/../lib/gcc/arm-none-eabi/15.2.1/thumb/v7e-m+dp/hard/crtend.o

.igot.plt       0x24000010        0x0 load address 0x08003d78
 .igot.plt      0x24000010        0x0 C:/Program Files/Arm/GNU Toolchain mingw-w64-x86_64-arm-none-eabi/bin/../lib/gcc/arm-none-eabi/15.2.1/thumb/v7e-m+dp/hard/crtbegin.o
                0x24000010                        . = ALIGN (0x4)

.bss            0x24000010      0x154 load address 0x08003d78
                0x24000010                        _sbss = .
                0x24000010                        __bss_start__ = _sbss
 *(.bss)
 *(.bss*)
 .bss.completed.1
                0x24000010        0x1 C:/Program Files/Arm/GNU Toolchain mingw-w64-x86_64-arm-none-eabi/bin/../lib/gcc/arm-none-eabi/15.2.1/thumb/v7e-m+dp/hard/crtbegin.o
 *fill*         0x24000011        0x3 
 .bss.object.0  0x24000014       0x18 C:/Program Files/Arm/GNU Toolchain mingw-w64-x86_64-arm-none-eabi/bin/../lib/gcc/arm-none-eabi/15.2.1/thumb/v7e-m+dp/hard/crtbegin.o
 .bss.startAddr
                0x2400002c        0x4 ./Core/Src/ETMv4.o
                0x2400002c                startAddr
 .bss.stopAddr  0x24000030        0x4 ./Core/Src/ETMv4.o
                0x24000030                stopAddr
 .bss.g_trace_status
                0x24000034       0xa4 ./Core/Src/ETMv4.o
                0x24000034                g_trace_status
 .bss.hspi1     0x240000d8       0x88 ./Core/Src/main.o
                0x240000d8                hspi1
 .bss.uwTick    0x24000160        0x4 ./Drivers/STM32H7xx_HAL_Driver/stm32h7xx_hal.o
                0x24000160                uwTick
 *(COMMON)
                0x24000164                        . = ALIGN (0x4)
                0x24000164                        _ebss = .
                0x24000164                        __bss_end__ = _ebss

._user_heap_stack
                0x24000164      0x604 load address 0x08003d78
                0x24000168                        . = ALIGN (0x8)
 *fill*         0x24000164        0x4 
                [!provide]                        PROVIDE (end = .)
                0x24000168                        PROVIDE (_end = .)
                0x24000368                        . = (. + _Min_Heap_Size)
 *fill*         0x24000168      0x200 
                0x24000768                        . = (. + _Min_Stack_Size)
 *fill*         0x24000368      0x400 
                0x24000768                        . = ALIGN (0x8)

/DISCARD/
 libc.a(*)
 libm.a(*)
 libgcc.a(*)

.ARM.attributes
                0x00000000       0x2e
 *(.ARM.attributes)
 .ARM.attributes
                0x00000000       0x20 C:/Program Files/Arm/GNU Toolchain mingw-w64-x86_64-arm-none-eabi/bin/../lib/gcc/arm-none-eabi/15.2.1/thumb/v7e-m+dp/hard/crti.o
 .ARM.attributes
                0x00000020       0x32 C:/Program Files/Arm/GNU Toolchain mingw-w64-x86_64-arm-none-eabi/bin/../lib/gcc/arm-none-eabi/15.2.1/thumb/v7e-m+dp/hard/crtbegin.o
 .ARM.attributes
                0x00000052       0x32 ./Core/Src/ETMv4.o
 .ARM.attributes
                0x00000084       0x32 ./Core/Src/main.o
 .ARM.attributes
                0x000000b6       0x32 ./Core/Src/stm32h7xx_hal_msp.o
 .ARM.attributes
                0x000000e8       0x32 ./Core/Src/stm32h7xx_it.o
 .ARM.attributes
                0x0000011a       0x32 ./Core/Src/system_stm32h7xx.o
 .ARM.attributes
                0x0000014c       0x21 ./Core/Startup/startup_stm32h750vbtx.o
 .ARM.attributes
                0x0000016d       0x32 ./Drivers/STM32H7xx_HAL_Driver/stm32h7xx_hal.o
 .ARM.attributes
                0x0000019f       0x32 ./Drivers/STM32H7xx_HAL_Driver/stm32h7xx_hal_cortex.o
 .ARM.attributes
                0x000001d1       0x32 ./Drivers/STM32H7xx_HAL_Driver/stm32h7xx_hal_gpio.o
 .ARM.attributes
                0x00000203       0x32 ./Drivers/STM32H7xx_HAL_Driver/stm32h7xx_hal_pwr_ex.o
 .ARM.attributes
                0x00000235       0x32 ./Drivers/STM32H7xx_HAL_Driver/stm32h7xx_hal_rcc.o
 .ARM.attributes
                0x00000267       0x32 ./Drivers/STM32H7xx_HAL_Driver/stm32h7xx_hal_rcc_ex.o
 .ARM.attributes
                0x00000299       0x32 ./Drivers/STM32H7xx_HAL_Driver/stm32h7xx_hal_spi.o
 .ARM.attributes
                0x000002cb       0x32 C:/Program Files/Arm/GNU Toolchain mingw-w64-x86_64-arm-none-eabi/bin/../lib/gcc/arm-none-eabi/15.2.1/../../../../arm-none-eabi/lib/thumb/v7e-m+dp/hard\libc_nano.a(libc_a-memset.o)
 .ARM.attributes
                0x000002fd       0x32 C:/Program Files/Arm/GNU Toolchain mingw-w64-x86_64-arm-none-eabi/bin/../lib/gcc/arm-none-eabi/15.2.1/../../../../arm-none-eabi/lib/thumb/v7e-m+dp/hard\libc_nano.a(libc_a-init.o)
 .ARM.attributes
                0x0000032f       0x32 C:/Program Files/Arm/GNU Toolchain mingw-w64-x86_64-arm-none-eabi/bin/../lib/gcc/arm-none-eabi/15.2.1/thumb/v7e-m+dp/hard/crtend.o
 .ARM.attributes
                0x00000361       0x20 C:/Program Files/Arm/GNU Toolchain mingw-w64-x86_64-arm-none-eabi/bin/../lib/gcc/arm-none-eabi/15.2.1/thumb/v7e-m+dp/hard/crtn.o
OUTPUT(BP_Test1_H7.elf elf32-littlearm)
LOAD linker stubs
LOAD C:/Program Files/Arm/GNU Toolchain mingw-w64-x86_64-arm-none-eabi/bin/../lib/gcc/arm-none-eabi/15.2.1/../../../../arm-none-eabi/lib/thumb/v7e-m+dp/hard\libc.a
LOAD C:/Program Files/Arm/GNU Toolchain mingw-w64-x86_64-arm-none-eabi/bin/../lib/gcc/arm-none-eabi/15.2.1/../../../../arm-none-eabi/lib/thumb/v7e-m+dp/hard\libm.a
LOAD C:/Program Files/Arm/GNU Toolchain mingw-w64-x86_64-arm-none-eabi/bin/../lib/gcc/arm-none-eabi/15.2.1/thumb/v7e-m+dp/hard\libgcc.a

.debug_info     0x00000000     0xc272
 .debug_info    0x00000000     0x1669 ./Core/Src/ETMv4.o
 .debug_info    0x00001669     0x1666 ./Core/Src/main.o
 .debug_info    0x00002ccf     0x1075 ./Core/Src/stm32h7xx_hal_msp.o
 .debug_info    0x00003d44      0x128 ./Core/Src/stm32h7xx_it.o
 .debug_info    0x00003e6c      0xcef ./Core/Src/system_stm32h7xx.o
 .debug_info    0x00004b5b       0x30 ./Core/Startup/startup_stm32h750vbtx.o
 .debug_info    0x00004b8b     0x1541 ./Drivers/STM32H7xx_HAL_Driver/stm32h7xx_hal.o
 .debug_info    0x000060cc     0x1066 ./Drivers/STM32H7xx_HAL_Driver/stm32h7xx_hal_cortex.o
 .debug_info    0x00007132      0xc4b ./Drivers/STM32H7xx_HAL_Driver/stm32h7xx_hal_gpio.o
 .debug_info    0x00007d7d     0x1008 ./Drivers/STM32H7xx_HAL_Driver/stm32h7xx_hal_pwr_ex.o
 .debug_info    0x00008d85      0xe5b ./Drivers/STM32H7xx_HAL_Driver/stm32h7xx_hal_rcc.o
 .debug_info    0x00009be0     0x1216 ./Drivers/STM32H7xx_HAL_Driver/stm32h7xx_hal_rcc_ex.o
 .debug_info    0x0000adf6     0x147c ./Drivers/STM32H7xx_HAL_Driver/stm32h7xx_hal_spi.o

.debug_abbrev   0x00000000     0x1b07
 .debug_abbrev  0x00000000      0x1e7 ./Core/Src/ETMv4.o
 .debug_abbrev  0x000001e7      0x2e2 ./Core/Src/main.o
 .debug_abbrev  0x000004c9      0x206 ./Core/Src/stm32h7xx_hal_msp.o
 .debug_abbrev  0x000006cf       0x73 ./Core/Src/stm32h7xx_it.o
 .debug_abbrev  0x00000742      0x14c ./Core/Src/system_stm32h7xx.o
 .debug_abbrev  0x0000088e       0x24 ./Core/Startup/startup_stm32h750vbtx.o
 .debug_abbrev  0x000008b2      0x295 ./Drivers/STM32H7xx_HAL_Driver/stm32h7xx_hal.o
 .debug_abbrev  0x00000b47      0x339 ./Drivers/STM32H7xx_HAL_Driver/stm32h7xx_hal_cortex.o
 .debug_abbrev  0x00000e80      0x1fe ./Drivers/STM32H7xx_HAL_Driver/stm32h7xx_hal_gpio.o
 .debug_abbrev  0x0000107e      0x2a7 ./Drivers/STM32H7xx_HAL_Driver/stm32h7xx_hal_pwr_ex.o
 .debug_abbrev  0x00001325      0x2c8 ./Drivers/STM32H7xx_HAL_Driver/stm32h7xx_hal_rcc.o
 .debug_abbrev  0x000015ed      0x269 ./Drivers/STM32H7xx_HAL_Driver/stm32h7xx_hal_rcc_ex.o
 .debug_abbrev  0x00001856      0x2b1 ./Drivers/STM32H7xx_HAL_Driver/stm32h7xx_hal_spi.o

.debug_aranges  0x00000000      0x948
 .debug_aranges
                0x00000000       0x88 ./Core/Src/ETMv4.o
 .debug_aranges
                0x00000088       0x50 ./Core/Src/main.o
 .debug_aranges
                0x000000d8       0x30 ./Core/Src/stm32h7xx_hal_msp.o
 .debug_aranges
                0x00000108       0x60 ./Core/Src/stm32h7xx_it.o
 .debug_aranges
                0x00000168       0x28 ./Core/Src/system_stm32h7xx.o
 .debug_aranges
                0x00000190       0x28 ./Core/Startup/startup_stm32h750vbtx.o
 .debug_aranges
                0x000001b8      0x198 ./Drivers/STM32H7xx_HAL_Driver/stm32h7xx_hal.o
 .debug_aranges
                0x00000350      0x120 ./Drivers/STM32H7xx_HAL_Driver/stm32h7xx_hal_cortex.o
 .debug_aranges
                0x00000470       0x58 ./Drivers/STM32H7xx_HAL_Driver/stm32h7xx_hal_gpio.o
 .debug_aranges
                0x000004c8      0x158 ./Drivers/STM32H7xx_HAL_Driver/stm32h7xx_hal_pwr_ex.o
 .debug_aranges
                0x00000620       0x88 ./Drivers/STM32H7xx_HAL_Driver/stm32h7xx_hal_rcc.o
 .debug_aranges
                0x000006a8       0xf8 ./Drivers/STM32H7xx_HAL_Driver/stm32h7xx_hal_rcc_ex.o
 .debug_aranges
                0x000007a0      0x1a8 ./Drivers/STM32H7xx_HAL_Driver/stm32h7xx_hal_spi.o

.debug_rnglists
                0x00000000      0x6f6
 .debug_rnglists
                0x00000000       0x6f ./Core/Src/ETMv4.o
 .debug_rnglists
                0x0000006f       0x3a ./Core/Src/main.o
 .debug_rnglists
                0x000000a9       0x20 ./Core/Src/stm32h7xx_hal_msp.o
 .debug_rnglists
                0x000000c9       0x43 ./Core/Src/stm32h7xx_it.o
 .debug_rnglists
                0x0000010c       0x1b ./Core/Src/system_stm32h7xx.o
 .debug_rnglists
                0x00000127       0x19 ./Core/Startup/startup_stm32h750vbtx.o
 .debug_rnglists
                0x00000140      0x131 ./Drivers/STM32H7xx_HAL_Driver/stm32h7xx_hal.o
 .debug_rnglists
                0x00000271       0xd4 ./Drivers/STM32H7xx_HAL_Driver/stm32h7xx_hal_cortex.o
 .debug_rnglists
                0x00000345       0x3f ./Drivers/STM32H7xx_HAL_Driver/stm32h7xx_hal_gpio.o
 .debug_rnglists
                0x00000384      0x102 ./Drivers/STM32H7xx_HAL_Driver/stm32h7xx_hal_pwr_ex.o
 .debug_rnglists
                0x00000486       0x68 ./Drivers/STM32H7xx_HAL_Driver/stm32h7xx_hal_rcc.o
 .debug_rnglists
                0x000004ee       0xc0 ./Drivers/STM32H7xx_HAL_Driver/stm32h7xx_hal_rcc_ex.o
 .debug_rnglists
                0x000005ae      0x148 ./Drivers/STM32H7xx_HAL_Driver/stm32h7xx_hal_spi.o

.debug_macro    0x00000000    0x35ab5
 .debug_macro   0x00000000      0x2b4 ./Core/Src/ETMv4.o
 .debug_macro   0x000002b4      0xb02 ./Core/Src/ETMv4.o
 .debug_macro   0x00000db6       0x2e ./Core/Src/ETMv4.o
 .debug_macro   0x00000de4       0x3b ./Core/Src/ETMv4.o
 .debug_macro   0x00000e1f       0x22 ./Core/Src/ETMv4.o
 .debug_macro   0x00000e41       0x8e ./Core/Src/ETMv4.o
 .debug_macro   0x00000ecf       0x51 ./Core/Src/ETMv4.o
 .debug_macro   0x00000f20      0x103 ./Core/Src/ETMv4.o
 .debug_macro   0x00001023       0x6a ./Core/Src/ETMv4.o
 .debug_macro   0x0000108d      0x1df ./Core/Src/ETMv4.o
 .debug_macro   0x0000126c       0x1c ./Core/Src/ETMv4.o
 .debug_macro   0x00001288       0x22 ./Core/Src/ETMv4.o
 .debug_macro   0x000012aa       0xfb ./Core/Src/ETMv4.o
 .debug_macro   0x000013a5     0x1305 ./Core/Src/ETMv4.o
 .debug_macro   0x000026aa      0x11f ./Core/Src/ETMv4.o
 .debug_macro   0x000027c9       0x27 ./Core/Src/ETMv4.o
 .debug_macro   0x000027f0    0x25e77 ./Core/Src/ETMv4.o
 .debug_macro   0x00028667       0x6d ./Core/Src/ETMv4.o
 .debug_macro   0x000286d4      0x232 ./Core/Src/ETMv4.o
 .debug_macro   0x00028906     0x3d5d ./Core/Src/ETMv4.o
 .debug_macro   0x0002c663      0x190 ./Core/Src/ETMv4.o
 .debug_macro   0x0002c7f3       0x61 ./Core/Src/ETMv4.o
 .debug_macro   0x0002c854       0x29 ./Core/Src/ETMv4.o
 .debug_macro   0x0002c87d       0x43 ./Core/Src/ETMv4.o
 .debug_macro   0x0002c8c0       0x34 ./Core/Src/ETMv4.o
 .debug_macro   0x0002c8f4      0x364 ./Core/Src/ETMv4.o
 .debug_macro   0x0002cc58       0x16 ./Core/Src/ETMv4.o
 .debug_macro   0x0002cc6e       0x4a ./Core/Src/ETMv4.o
 .debug_macro   0x0002ccb8       0x34 ./Core/Src/ETMv4.o
 .debug_macro   0x0002ccec       0x10 ./Core/Src/ETMv4.o
 .debug_macro   0x0002ccfc       0x58 ./Core/Src/ETMv4.o
 .debug_macro   0x0002cd54       0x8e ./Core/Src/ETMv4.o
 .debug_macro   0x0002cde2       0x1c ./Core/Src/ETMv4.o
 .debug_macro   0x0002cdfe      0x17e ./Core/Src/ETMv4.o
 .debug_macro   0x0002cf7c      0x19b ./Core/Src/ETMv4.o
 .debug_macro   0x0002d117       0x5d ./Core/Src/ETMv4.o
 .debug_macro   0x0002d174     0x240e ./Core/Src/ETMv4.o
 .debug_macro   0x0002f582     0x102c ./Core/Src/ETMv4.o
 .debug_macro   0x000305ae      0x154 ./Core/Src/ETMv4.o
 .debug_macro   0x00030702      0x114 ./Core/Src/ETMv4.o
 .debug_macro   0x00030816      0x3b2 ./Core/Src/ETMv4.o
 .debug_macro   0x00030bc8       0xac ./Core/Src/ETMv4.o
 .debug_macro   0x00030c74      0x72d ./Core/Src/ETMv4.o
 .debug_macro   0x000313a1      0x228 ./Core/Src/ETMv4.o
 .debug_macro   0x000315c9       0x66 ./Core/Src/ETMv4.o
 .debug_macro   0x0003162f      0x3bb ./Core/Src/ETMv4.o
 .debug_macro   0x000319ea      0x3e4 ./Core/Src/ETMv4.o
 .debug_macro   0x00031dce      0x275 ./Core/Src/ETMv4.o
 .debug_macro   0x00032043      0x3ca ./Core/Src/ETMv4.o
 .debug_macro   0x0003240d      0x3de ./Core/Src/ETMv4.o
 .debug_macro   0x000327eb       0x3c ./Core/Src/ETMv4.o
 .debug_macro   0x00032827       0x4a ./Core/Src/ETMv4.o
 .debug_macro   0x00032871      0x22c ./Core/Src/ETMv4.o
 .debug_macro   0x00032a9d       0x67 ./Core/Src/ETMv4.o
 .debug_macro   0x00032b04       0xa5 ./Core/Src/ETMv4.o
 .debug_macro   0x00032ba9      0x1c4 ./Core/Src/ETMv4.o
 .debug_macro   0x00032d6d      0x25e ./Core/Src/ETMv4.o
 .debug_macro   0x00032fcb       0x35 ./Core/Src/ETMv4.o
 .debug_macro   0x00033000      0x5e4 ./Core/Src/ETMv4.o
 .debug_macro   0x000335e4       0xba ./Core/Src/ETMv4.o
 .debug_macro   0x0003369e      0x5a0 ./Core/Src/ETMv4.o
 .debug_macro   0x00033c3e       0x64 ./Core/Src/ETMv4.o
 .debug_macro   0x00033ca2      0x2b2 ./Core/Src/main.o
 .debug_macro   0x00033f54       0x10 ./Core/Src/main.o
 .debug_macro   0x00033f64       0x6a ./Core/Src/main.o
 .debug_macro   0x00033fce      0x2a9 ./Core/Src/stm32h7xx_hal_msp.o
 .debug_macro   0x00034277      0x2b3 ./Core/Src/stm32h7xx_it.o
 .debug_macro   0x0003452a      0x29a ./Core/Src/system_stm32h7xx.o
 .debug_macro   0x000347c4      0x2c4 ./Drivers/STM32H7xx_HAL_Driver/stm32h7xx_hal.o
 .debug_macro   0x00034a88      0x29a ./Drivers/STM32H7xx_HAL_Driver/stm32h7xx_hal_cortex.o
 .debug_macro   0x00034d22      0x2a1 ./Drivers/STM32H7xx_HAL_Driver/stm32h7xx_hal_gpio.o
 .debug_macro   0x00034fc3      0x2d3 ./Drivers/STM32H7xx_HAL_Driver/stm32h7xx_hal_pwr_ex.o
 .debug_macro   0x00035296      0x2be ./Drivers/STM32H7xx_HAL_Driver/stm32h7xx_hal_rcc.o
 .debug_macro   0x00035554      0x2b8 ./Drivers/STM32H7xx_HAL_Driver/stm32h7xx_hal_rcc_ex.o
 .debug_macro   0x0003580c      0x2a9 ./Drivers/STM32H7xx_HAL_Driver/stm32h7xx_hal_spi.o

.debug_line     0x00000000     0xb201
 .debug_line    0x00000000      0xb06 ./Core/Src/ETMv4.o
 .debug_line    0x00000b06      0x90f ./Core/Src/main.o
 .debug_line    0x00001415      0x7b7 ./Core/Src/stm32h7xx_hal_msp.o
 .debug_line    0x00001bcc      0x803 ./Core/Src/stm32h7xx_it.o
 .debug_line    0x000023cf      0x910 ./Core/Src/system_stm32h7xx.o
 .debug_line    0x00002cdf       0x7a ./Core/Startup/startup_stm32h750vbtx.o
 .debug_line    0x00002d59      0xd67 ./Drivers/STM32H7xx_HAL_Driver/stm32h7xx_hal.o
 .debug_line    0x00003ac0      0xd36 ./Drivers/STM32H7xx_HAL_Driver/stm32h7xx_hal_cortex.o
 .debug_line    0x000047f6      0xbea ./Drivers/STM32H7xx_HAL_Driver/stm32h7xx_hal_gpio.o
 .debug_line    0x000053e0      0xedc ./Drivers/STM32H7xx_HAL_Driver/stm32h7xx_hal_pwr_ex.o
 .debug_line    0x000062bc     0x141d ./Drivers/STM32H7xx_HAL_Driver/stm32h7xx_hal_rcc.o
 .debug_line    0x000076d9     0x1c9c ./Drivers/STM32H7xx_HAL_Driver/stm32h7xx_hal_rcc_ex.o
 .debug_line    0x00009375     0x1e8c ./Drivers/STM32H7xx_HAL_Driver/stm32h7xx_hal_spi.o

.debug_str      0x00000000   0x154e82
 .debug_str     0x00000000   0x154e82 ./Core/Src/ETMv4.o
                             0x15182f (size before relaxing)
 .debug_str     0x00154e82        0x0 ./Core/Src/main.o
                             0x151eff (size before relaxing)
 .debug_str     0x00154e82        0x0 ./Core/Src/stm32h7xx_hal_msp.o
                             0x151a20 (size before relaxing)
 .debug_str     0x00154e82        0x0 ./Core/Src/stm32h7xx_it.o
                             0x150e21 (size before relaxing)
 .debug_str     0x00154e82        0x0 ./Core/Src/system_stm32h7xx.o
                             0x1512ce (size before relaxing)
 .debug_str     0x00154e82        0x0 ./Core/Startup/startup_stm32h750vbtx.o
                                 0x61 (size before relaxing)
 .debug_str     0x00154e82        0x0 ./Drivers/STM32H7xx_HAL_Driver/stm32h7xx_hal.o
                             0x15222b (size before relaxing)
 .debug_str     0x00154e82        0x0 ./Drivers/STM32H7xx_HAL_Driver/stm32h7xx_hal_cortex.o
                             0x151c2e (size before relaxing)
 .debug_str     0x00154e82        0x0 ./Drivers/STM32H7xx_HAL_Driver/stm32h7xx_hal_gpio.o
                             0x1512bd (size before relaxing)
 .debug_str     0x00154e82        0x0 ./Drivers/STM32H7xx_HAL_Driver/stm32h7xx_hal_pwr_ex.o
                             0x15177e (size before relaxing)
 .debug_str     0x00154e82        0x0 ./Drivers/STM32H7xx_HAL_Driver/stm32h7xx_hal_rcc.o
                             0x1516a1 (size before relaxing)
 .debug_str     0x00154e82        0x0 ./Drivers/STM32H7xx_HAL_Driver/stm32h7xx_hal_rcc_ex.o
                             0x151b82 (size before relaxing)
 .debug_str     0x00154e82        0x0 ./Drivers/STM32H7xx_HAL_Driver/stm32h7xx_hal_spi.o
                             0x1519ac (size before relaxing)

.comment        0x00000000       0x45
 .comment       0x00000000       0x45 ./Core/Src/ETMv4.o
                                 0x46 (size before relaxing)
 .comment       0x00000045        0x0 ./Core/Src/main.o
                                 0x46 (size before relaxing)
 .comment       0x00000045        0x0 ./Core/Src/stm32h7xx_hal_msp.o
                                 0x46 (size before relaxing)
 .comment       0x00000045        0x0 ./Core/Src/stm32h7xx_it.o
                                 0x46 (size before relaxing)
 .comment       0x00000045        0x0 ./Core/Src/system_stm32h7xx.o
                                 0x46 (size before relaxing)
 .comment       0x00000045        0x0 ./Drivers/STM32H7xx_HAL_Driver/stm32h7xx_hal.o
                                 0x46 (size before relaxing)
 .comment       0x00000045        0x0 ./Drivers/STM32H7xx_HAL_Driver/stm32h7xx_hal_cortex.o
                                 0x46 (size before relaxing)
 .comment       0x00000045        0x0 ./Drivers/STM32H7xx_HAL_Driver/stm32h7xx_hal_gpio.o
                                 0x46 (size before relaxing)
 .comment       0x00000045        0x0 ./Drivers/STM32H7xx_HAL_Driver/stm32h7xx_hal_pwr_ex.o
                                 0x46 (size before relaxing)
 .comment       0x00000045        0x0 ./Drivers/STM32H7xx_HAL_Driver/stm32h7xx_hal_rcc.o
                                 0x46 (size before relaxing)
 .comment       0x00000045        0x0 ./Drivers/STM32H7xx_HAL_Driver/stm32h7xx_hal_rcc_ex.o
                                 0x46 (size before relaxing)
 .comment       0x00000045        0x0 ./Drivers/STM32H7xx_HAL_Driver/stm32h7xx_hal_spi.o
                                 0x46 (size before relaxing)

.debug_frame    0x00000000     0x24c0
 .debug_frame   0x00000000      0x1d8 ./Core/Src/ETMv4.o
 .debug_frame   0x000001d8       0xf4 ./Core/Src/main.o
 .debug_frame   0x000002cc       0x84 ./Core/Src/stm32h7xx_hal_msp.o
 .debug_frame   0x00000350      0x104 ./Core/Src/stm32h7xx_it.o
 .debug_frame   0x00000454       0x58 ./Core/Src/system_stm32h7xx.o
 .debug_frame   0x000004ac      0x690 ./Drivers/STM32H7xx_HAL_Driver/stm32h7xx_hal.o
 .debug_frame   0x00000b3c      0x4b8 ./Drivers/STM32H7xx_HAL_Driver/stm32h7xx_hal_cortex.o
 .debug_frame   0x00000ff4      0x14c ./Drivers/STM32H7xx_HAL_Driver/stm32h7xx_hal_gpio.o
 .debug_frame   0x00001140      0x580 ./Drivers/STM32H7xx_HAL_Driver/stm32h7xx_hal_pwr_ex.o
 .debug_frame   0x000016c0      0x1f8 ./Drivers/STM32H7xx_HAL_Driver/stm32h7xx_hal_rcc.o
 .debug_frame   0x000018b8      0x414 ./Drivers/STM32H7xx_HAL_Driver/stm32h7xx_hal_rcc_ex.o
 .debug_frame   0x00001ccc      0x7a8 ./Drivers/STM32H7xx_HAL_Driver/stm32h7xx_hal_spi.o
 .debug_frame   0x00002474       0x20 C:/Program Files/Arm/GNU Toolchain mingw-w64-x86_64-arm-none-eabi/bin/../lib/gcc/arm-none-eabi/15.2.1/../../../../arm-none-eabi/lib/thumb/v7e-m+dp/hard\libc_nano.a(libc_a-memset.o)
 .debug_frame   0x00002494       0x2c C:/Program Files/Arm/GNU Toolchain mingw-w64-x86_64-arm-none-eabi/bin/../lib/gcc/arm-none-eabi/15.2.1/../../../../arm-none-eabi/lib/thumb/v7e-m+dp/hard\libc_nano.a(libc_a-init.o)

.debug_line_str
                0x00000000       0x45
 .debug_line_str
                0x00000000       0x45 ./Core/Startup/startup_stm32h750vbtx.o
